// Jest Snapshot v1, https://goo.gl/fbAQLP

exports[`AboutRoute renders the component 1`] = `
"<div> AboutRoute
</div>"
`;
