// Jest Snapshot v1, https://goo.gl/fbAQLP

exports[`AppFooter renders the component 1`] = `"<v-footer-stub height=\\"auto\\"><v-card-stub tag=\\"div\\" tile=\\"true\\" flat=\\"true\\" class=\\"flex\\"><v-card-title-stub class=\\"app-footer__social-media primary2\\"><strong class=\\"app-footer__subheading subheading white--text\\">Get connected with us on social media!</strong> <v-spacer-stub></v-spacer-stub> <v-btn-stub activeclass=\\"v-btn--active\\" href=\\"link\\" tag=\\"button\\" target=\\"_blank\\" dark=\\"true\\" icon=\\"true\\" type=\\"button\\" class=\\"mx-3\\"><v-icon-stub size=\\"24\\">fab fa-facebook</v-icon-stub></v-btn-stub><v-btn-stub activeclass=\\"v-btn--active\\" href=\\"link\\" tag=\\"button\\" target=\\"_blank\\" dark=\\"true\\" icon=\\"true\\" type=\\"button\\" class=\\"mx-3\\"><v-icon-stub size=\\"24\\">fab fa-twitter</v-icon-stub></v-btn-stub><v-btn-stub activeclass=\\"v-btn--active\\" href=\\"link\\" tag=\\"button\\" target=\\"_blank\\" dark=\\"true\\" icon=\\"true\\" type=\\"button\\" class=\\"mx-3\\"><v-icon-stub size=\\"24\\">fab fa-instagram</v-icon-stub></v-btn-stub><v-btn-stub activeclass=\\"v-btn--active\\" href=\\"link\\" tag=\\"button\\" target=\\"_blank\\" dark=\\"true\\" icon=\\"true\\" type=\\"button\\" class=\\"mx-3\\"><v-icon-stub size=\\"24\\">fab fa-youtube</v-icon-stub></v-btn-stub></v-card-title-stub> <v-card-actions-stub class=\\"app-footer__copyright secondary white--text justify-end\\">  2019 </v-card-actions-stub></v-card-stub></v-footer-stub>"`;
