// Jest Snapshot v1, https://goo.gl/fbAQLP

exports[`ContactUsRoute renders the component 1`] = `
"<div> ContactUsRoute
</div>"
`;
