// Jest Snapshot v1, https://goo.gl/fbAQLP

exports[`EventsRoute renders the component 1`] = `
"<div> EventsRoute
</div>"
`;
