// Jest Snapshot v1, https://goo.gl/fbAQLP

exports[`JoinSPSHubRoute renders the component 1`] = `
"<div> JoinSPSHubRoute
</div>"
`;
