// Jest Snapshot v1, https://goo.gl/fbAQLP

exports[`ProductView renders the component 1`] = `
"<div> ProductView
</div>"
`;
