// Jest Snapshot v1, https://goo.gl/fbAQLP

exports[`TeamRoute renders the component 1`] = `
"<div> Team Route
</div>"
`;
